// Jest Snapshot v1, https://goo.gl/fbAQLP

exports[`SpriteDatabase.explain matches the explanations snapshot 1`] = `
{
  "executionPlan": {
    "cost": -1,
    "javaType": "com.arcadedb.query.sql.executor.SelectExecutionPlan",
    "prettyPrint": "+ FETCH DATABASE METADATA TYPES",
    "steps": [
      {
        "cost": -1,
        "description": "+ FETCH DATABASE METADATA TYPES",
        "javaType": "com.arcadedb.query.sql.executor.FetchFromSchemaTypesStep",
        "name": "FetchFromSchemaTypesStep",
        "subSteps": [],
        "targetNode": "FetchFromSchemaTypesStep",
        "type": "FetchFromSchemaTypesStep",
      },
    ],
    "type": "QueryExecutionPlan",
  },
  "executionPlanAsString": "+ FETCH DATABASE METADATA TYPES",
}
`;
