// Vitest Snapshot v1, https://vitest.dev/guide/snapshot.html

exports[`arcadeCommand() > should handle a 400 response (invalid query language) by throwing an error 1`] = `[Error: Could not perform command on database: Imported]`;

exports[`arcadeCommand() > should handle a 500 response by throwing an error 1`] = `[Error: Could not perform command on database: Imported]`;

exports[`arcadeCommand() > should handle an unexpected status code by throwing an error 1`] = `[Error: Could not perform command on database: Imported]`;
