// Jest Snapshot v1, https://goo.gl/fbAQLP

exports[`Auth.encodeCredentials() should throw an error if no password is provided 1`] = `"A password is required to encode credentials."`;

exports[`Auth.encodeCredentials() should throw an error if no username is provided 1`] = `"A username is required to encode credentials."`;

exports[`Auth.encodeCredentials() should throw an error when Buffer fails 1`] = `"Could not determine the encoding function to use given the current JavaScript environment."`;

exports[`Auth.encodeCredentials() should throw an error when Buffer is not available 1`] = `"Could not determine the encoding function to use given the current JavaScript environment."`;
