// Vitest Snapshot v1, https://vitest.dev/guide/snapshot.html

exports[`rollbackTransaction() > should error if it receives a non-204 response 1`] = `[Error: Unable to rollback transaction AS-0000000-0000-0000-0000-00000000000]`;

exports[`rollbackTransaction() > should error if no transaction is provided 1`] = `[TypeError: Cannot read properties of undefined (reading 'id')]`;

exports[`rollbackTransaction() > should propagate errors from internal methods 1`] = `[Error: Unable to rollback transaction AS-0000000-0000-0000-0000-00000000000]`;
