// Jest Snapshot v1, https://goo.gl/fbAQLP

exports[`SpriteBase.encodeCredentials() should throw an error if no password is provided 1`] = `"SpriteBase is not defined"`;

exports[`SpriteBase.encodeCredentials() should throw an error if no username is provided 1`] = `"SpriteBase is not defined"`;

exports[`SpriteBase.encodeCredentials() should throw an error when Buffer fails 1`] = `"Could not base64 encode the credentials."`;

exports[`SpriteBase.encodeCredentials() should throw an error when Buffer is not available 1`] = `"Could not base64 encode the credentials."`;
