// Jest Snapshot v1, https://goo.gl/fbAQLP

exports[`SpriteTransaction.manage() if an error occurs within the callback it rolls back the transaction 1`] = `"Transaction AS-0000000-0000-0000-0000-00000000000 failed and rollback also failed."`;

exports[`SpriteTransaction.manage() rollsback the transaction if an error occurs within the error handling 1`] = `"Transaction AS-0000000-0000-0000-0000-00000000000 failed and rollback also failed."`;

exports[`SpriteTransaction.manage() throws an error if an error occurs within the callback 1`] = `[Error: Transaction AS-0000000-0000-0000-0000-00000000000 failed and rollback also failed.]`;

exports[`SpriteTransaction.manage() throws an error if the transaction fails to rollback in the error handling 1`] = `"Transaction AS-0000000-0000-0000-0000-00000000000 failed and rollback also failed."`;
