// Jest Snapshot v1, https://goo.gl/fbAQLP

exports[`ArcadeParameterValidation.bucketName() should throw a TypeError if the variable is not a string or array 1`] = `"The supplied argument could not be validated as a properly formatted bucket name for ArcadeDB. The supplied argument was: [1], which is of type: [number]."`;
