// Jest Snapshot v1, https://goo.gl/fbAQLP

exports[`SpriteServer.createUser should prevent dropped user from checking status 1`] = `[Error: Unable to check the server status.]`;

exports[`SpriteServer.createUser should propagate errors from the database 1`] = `[Error: Could not create user createUsername. In database(s): Imported]`;
